// Jest Snapshot v1, https://goo.gl/fbAQLP

exports[`Filters component should render correctly 1`] = `
Filters {
  "context": Object {},
  "onFilterChange": [Function],
  "onRatingSliderChange": [Function],
  "props": Object {
    "cloneMoviesForFiltering": [MockFunction],
    "filterByGenre": [MockFunction],
    "filterByRating": [MockFunction],
    "genres": Array [
      Object {
        "id": 28,
        "name": "Action",
      },
      Object {
        "id": 29,
        "name": "Drama",
      },
      Object {
        "id": 30,
        "name": "Adventure",
      },
    ],
  },
  "refs": Object {},
  "setState": [Function],
  "state": Object {
    "selectedGenreIds": Array [],
  },
  "updater": Updater {
    "_callbacks": Array [],
    "_renderer": ReactShallowRenderer {
      "_context": Object {},
      "_element": <Filters
        cloneMoviesForFiltering={[MockFunction]}
        filterByGenre={[MockFunction]}
        filterByRating={[MockFunction]}
        genres={
          Array [
            Object {
              "id": 28,
              "name": "Action",
            },
            Object {
              "id": 29,
              "name": "Drama",
            },
            Object {
              "id": 30,
              "name": "Adventure",
            },
          ]
        }
      />,
      "_forcedUpdate": false,
      "_instance": [Circular],
      "_newState": null,
      "_rendered": <React.Fragment>
        <div
          className="filters-device-overlay"
        />
        <aside
          className="filters"
        >
          <div
            className="filters__device-close-btn"
          >
            <svg
              height="17"
              width="17"
              xmlns="http://www.w3.org/2000/svg"
            >
              <path
                d="M15.783 13.635l-5.518-5.518 5.518-5.52a1.518 1.518 0 0 0 0-2.15 1.517 1.517 0 0 0-2.15 0L8.115 5.966 2.597.446a1.517 1.517 0 0 0-2.15 0 1.518 1.518 0 0 0 0 2.152l5.518 5.519-5.518 5.518a1.518 1.518 0 0 0 0 2.151 1.517 1.517 0 0 0 2.15 0l5.518-5.519 5.518 5.52a1.517 1.517 0 0 0 2.15 0 1.525 1.525 0 0 0 0-2.152z"
                fill="currentColor"
                fillRule="nonzero"
              />
            </svg>
          </div>
          <div
            className="filters__item"
          >
            <h2
              className="filters__title"
            >
              Genres
            </h2>
            <ul
              className="genres"
            >
              <li>
                <input
                  id="genre-28"
                  onChange={[Function]}
                  type="checkbox"
                  value={28}
                />
                <label
                  htmlFor="genre-28"
                >
                  Action
                </label>
              </li>
              <li>
                <input
                  id="genre-29"
                  onChange={[Function]}
                  type="checkbox"
                  value={29}
                />
                <label
                  htmlFor="genre-29"
                >
                  Drama
                </label>
              </li>
              <li>
                <input
                  id="genre-30"
                  onChange={[Function]}
                  type="checkbox"
                  value={30}
                />
                <label
                  htmlFor="genre-30"
                >
                  Adventure
                </label>
              </li>
            </ul>
          </div>
          <div
            className="filters__item"
          >
            <h2
              className="filters__title"
            >
              Rating
            </h2>
            <ComponentEnhancer(undefined)
              activeDotStyle={Object {}}
              className="rating-slider"
              defaultValue={3}
              disabled={false}
              dotStyle={Object {}}
              dots={false}
              handle={[Function]}
              handleStyle={
                Array [
                  Object {},
                ]
              }
              included={true}
              marks={Object {}}
              max={10}
              min={0}
              onAfterChange={[Function]}
              onBeforeChange={[Function]}
              onChange={[Function]}
              prefixCls="rc-slider"
              railStyle={Object {}}
              step={0.5}
              trackStyle={
                Array [
                  Object {},
                ]
              }
              vertical={false}
            />
          </div>
        </aside>
      </React.Fragment>,
      "_rendering": false,
      "_updater": [Circular],
    },
  },
  Symbol(enzyme.__setState__): [Function],
}
`;
